22:07:17 **** Incremental Build of configuration Debug for project 1_led_toggle_addr_struct ****
make -j16 all 
arm-none-eabi-gcc "../Src/main.c" -mcpu=cortex-m4 -std=gnu11 -g3 -DDEBUG -DNUCLEO_F411RE -DSTM32 -DSTM32F4 -DSTM32F411RETx -c -I../Inc -O0 -ffunction-sections -fdata-sections -Wall -fstack-usage -MMD -MP -MF"Src/main.d" -MT"Src/main.o" --specs=nano.specs -mfpu=fpv4-sp-d16 -mfloat-abi=hard -mthumb -o "Src/main.o"
arm-none-eabi-gcc -o "1_led_toggle_addr_struct.elf" @"objects.list"   -mcpu=cortex-m4 -T"D:\stm32\stm32_bare_metal_workspace\1_led_toggle_addr_struct\STM32F411RETX_FLASH.ld" --specs=nosys.specs -Wl,-Map="1_led_toggle_addr_struct.map" -Wl,--gc-sections -static --specs=nano.specs -mfpu=fpv4-sp-d16 -mfloat-abi=hard -mthumb -Wl,--start-group -lc -lm -Wl,--end-group
Finished building target: 1_led_toggle_addr_struct.elf
 
arm-none-eabi-size   1_led_toggle_addr_struct.elf 
arm-none-eabi-objdump -h -S  1_led_toggle_addr_struct.elf  > "1_led_toggle_addr_struct.list"
   text	   data	    bss	    dec	    hex	filename
    752	      8	   1568	   2328	    918	1_led_toggle_addr_struct.elf
Finished building: default.size.stdout
 
Finished building: 1_led_toggle_addr_struct.list
 

22:07:17 Build Finished. 0 errors, 0 warnings. (took 607ms)

