10:04:33 **** Build of configuration Debug for project 3_gpio_output_bsrr ****
make -j16 all 
arm-none-eabi-gcc "../Src/main.c" -mcpu=cortex-m4 -std=gnu11 -g3 -DDEBUG -DSTM32 -DSTM32F4 -DSTM32F411RETx -c -I../Inc -I"D:/stm32f4_package/STM32CubeF4/Drivers/CMSIS/Device/ST/STM32F4xx/Include" -I"D:/stm32f4_package/STM32CubeF4/Drivers/CMSIS/Include" -O0 -ffunction-sections -fdata-sections -Wall -fstack-usage -MMD -MP -MF"Src/main.d" -MT"Src/main.o" --specs=nano.specs -mfpu=fpv4-sp-d16 -mfloat-abi=hard -mthumb -o "Src/main.o"
arm-none-eabi-gcc -o "3_gpio_output_bsrr.elf" @"objects.list"   -mcpu=cortex-m4 -T"D:\stm32\stm32_bare_metal_workspace\3_gpio_output_bsrr\STM32F411RETX_FLASH.ld" --specs=nosys.specs -Wl,-Map="3_gpio_output_bsrr.map" -Wl,--gc-sections -static --specs=nano.specs -mfpu=fpv4-sp-d16 -mfloat-abi=hard -mthumb -Wl,--start-group -lc -lm -Wl,--end-group
Finished building target: 3_gpio_output_bsrr.elf
 
arm-none-eabi-size   3_gpio_output_bsrr.elf 
arm-none-eabi-objdump -h -S  3_gpio_output_bsrr.elf  > "3_gpio_output_bsrr.list"
   text	   data	    bss	    dec	    hex	filename
    764	      8	   1568	   2340	    924	3_gpio_output_bsrr.elf
Finished building: default.size.stdout
 
Finished building: 3_gpio_output_bsrr.list
 

10:04:33 Build Finished. 0 errors, 0 warnings. (took 621ms)

